
         /\      Grafana   /‾‾/  
    /\  /  \     |\  __   /  /   
   /  \/    \    | |/ /  /   ‾‾\ 
  /          \   |   (  |  (‾)  |
 / __________ \  |_|\_\  \_____/ 

     execution: local
        script: k6/functionary/tests/front-functionary.js
 web dashboard: http://127.0.0.1:5665
        output: -

     scenarios: (100.00%) 1 scenario, 58 max VUs, 5m20s max duration (incl. graceful stop):
              * default: Up to 58 looping VUs for 4m50s over 7 stages (gracefulRampDown: 30s, gracefulStop: 30s)


running (0m01.0s), 01/58 VUs, 0 complete and 0 interrupted iterations
default   [   0% ] 01/58 VUs  0m01.0s/4m50.0s

running (0m02.0s), 02/58 VUs, 0 complete and 0 interrupted iterations
default   [   1% ] 02/58 VUs  0m02.0s/4m50.0s

running (0m03.0s), 03/58 VUs, 0 complete and 0 interrupted iterations
default   [   1% ] 03/58 VUs  0m03.0s/4m50.0s

running (0m04.0s), 04/58 VUs, 0 complete and 0 interrupted iterations
default   [   1% ] 04/58 VUs  0m04.0s/4m50.0s

running (0m05.0s), 05/58 VUs, 1 complete and 0 interrupted iterations
default   [   2% ] 05/58 VUs  0m05.0s/4m50.0s

running (0m06.0s), 06/58 VUs, 1 complete and 0 interrupted iterations
default   [   2% ] 06/58 VUs  0m06.0s/4m50.0s

running (0m07.0s), 07/58 VUs, 3 complete and 0 interrupted iterations
default   [   2% ] 07/58 VUs  0m07.0s/4m50.0s

running (0m07.0s), 07/58 VUs, 3 complete and 0 interrupted iterations
default   [   2% ] 07/58 VUs  0m07.0s/4m50.0s

running (0m07.0s), 07/58 VUs, 3 complete and 0 interrupted iterations
default   [   2% ] 07/58 VUs  0m07.0s/4m50.0s

running (0m07.0s), 07/58 VUs, 3 complete and 0 interrupted iterations
default   [   2% ] 07/58 VUs  0m07.0s/4m50.0s

running (0m07.1s), 07/58 VUs, 3 complete and 0 interrupted iterations
default   [   2% ] 07/58 VUs  0m07.1s/4m50.0s

running (0m07.1s), 07/58 VUs, 3 complete and 0 interrupted iterations
default   [   2% ] 07/58 VUs  0m07.1s/4m50.0s

running (0m07.1s), 07/58 VUs, 3 complete and 0 interrupted iterations
default   [   2% ] 07/58 VUs  0m07.1s/4m50.0s

running (0m07.1s), 07/58 VUs, 3 complete and 0 interrupted iterations
default   [   2% ] 07/58 VUs  0m07.1s/4m50.0s

running (0m07.2s), 07/58 VUs, 3 complete and 0 interrupted iterations
default   [   2% ] 07/58 VUs  0m07.2s/4m50.0s

running (0m08.0s), 08/58 VUs, 4 complete and 0 interrupted iterations
default   [   3% ] 08/58 VUs  0m08.0s/4m50.0s

running (0m09.0s), 09/58 VUs, 6 complete and 0 interrupted iterations
default   [   3% ] 09/58 VUs  0m09.0s/4m50.0s

running (0m10.0s), 10/58 VUs, 9 complete and 0 interrupted iterations
default   [   3% ] 10/58 VUs  0m10.0s/4m50.0s

running (0m11.0s), 11/58 VUs, 11 complete and 0 interrupted iterations
default   [   4% ] 11/58 VUs  0m11.0s/4m50.0s

running (0m12.0s), 12/58 VUs, 14 complete and 0 interrupted iterations
default   [   4% ] 12/58 VUs  0m12.0s/4m50.0s

running (0m13.0s), 13/58 VUs, 17 complete and 0 interrupted iterations
default   [   4% ] 13/58 VUs  0m13.0s/4m50.0s

running (0m14.0s), 14/58 VUs, 21 complete and 0 interrupted iterations
default   [   5% ] 14/58 VUs  0m14.0s/4m50.0s

running (0m15.0s), 15/58 VUs, 25 complete and 0 interrupted iterations
default   [   5% ] 15/58 VUs  0m15.0s/4m50.0s

running (0m16.0s), 16/58 VUs, 27 complete and 0 interrupted iterations
default   [   6% ] 16/58 VUs  0m16.0s/4m50.0s

running (0m17.0s), 17/58 VUs, 32 complete and 0 interrupted iterations
default   [   6% ] 17/58 VUs  0m17.0s/4m50.0s

running (0m18.0s), 18/58 VUs, 36 complete and 0 interrupted iterations
default   [   6% ] 18/58 VUs  0m18.0s/4m50.0s

running (0m19.0s), 19/58 VUs, 40 complete and 0 interrupted iterations
default   [   7% ] 19/58 VUs  0m19.0s/4m50.0s

running (0m20.0s), 19/58 VUs, 46 complete and 0 interrupted iterations
default   [   7% ] 19/58 VUs  0m20.0s/4m50.0s

running (0m21.0s), 20/58 VUs, 51 complete and 0 interrupted iterations
default   [   7% ] 20/58 VUs  0m21.0s/4m50.0s

running (0m22.0s), 21/58 VUs, 57 complete and 0 interrupted iterations
default   [   8% ] 21/58 VUs  0m22.0s/4m50.0s

running (0m23.0s), 22/58 VUs, 61 complete and 0 interrupted iterations
default   [   8% ] 22/58 VUs  0m23.0s/4m50.0s

running (0m24.0s), 23/58 VUs, 68 complete and 0 interrupted iterations
default   [   8% ] 23/58 VUs  0m24.0s/4m50.0s

running (0m25.0s), 24/58 VUs, 74 complete and 0 interrupted iterations
default   [   9% ] 24/58 VUs  0m25.0s/4m50.0s

running (0m26.0s), 25/58 VUs, 80 complete and 0 interrupted iterations
default   [   9% ] 25/58 VUs  0m26.0s/4m50.0s

running (0m27.0s), 26/58 VUs, 88 complete and 0 interrupted iterations
default   [   9% ] 26/58 VUs  0m27.0s/4m50.0s

running (0m28.0s), 27/58 VUs, 89 complete and 0 interrupted iterations
default   [  10% ] 27/58 VUs  0m28.0s/4m50.0s

running (0m29.0s), 28/58 VUs, 95 complete and 0 interrupted iterations
default   [  10% ] 28/58 VUs  0m29.0s/4m50.0s

running (0m30.0s), 29/58 VUs, 102 complete and 0 interrupted iterations
default   [  10% ] 29/58 VUs  0m30.0s/4m50.0s

running (0m31.0s), 30/58 VUs, 112 complete and 0 interrupted iterations
default   [  11% ] 30/58 VUs  0m31.0s/4m50.0s

running (0m32.0s), 31/58 VUs, 119 complete and 0 interrupted iterations
default   [  11% ] 31/58 VUs  0m32.0s/4m50.0s

running (0m33.0s), 32/58 VUs, 126 complete and 0 interrupted iterations
default   [  11% ] 32/58 VUs  0m33.0s/4m50.0s

running (0m34.0s), 33/58 VUs, 132 complete and 0 interrupted iterations
default   [  12% ] 33/58 VUs  0m34.0s/4m50.0s

running (0m35.0s), 34/58 VUs, 143 complete and 0 interrupted iterations
default   [  12% ] 34/58 VUs  0m35.0s/4m50.0s

running (0m36.0s), 35/58 VUs, 152 complete and 0 interrupted iterations
default   [  12% ] 35/58 VUs  0m36.0s/4m50.0s

running (0m37.0s), 36/58 VUs, 160 complete and 0 interrupted iterations
default   [  13% ] 36/58 VUs  0m37.0s/4m50.0s

running (0m38.0s), 37/58 VUs, 171 complete and 0 interrupted iterations
default   [  13% ] 37/58 VUs  0m38.0s/4m50.0s

running (0m39.0s), 38/58 VUs, 180 complete and 0 interrupted iterations
default   [  13% ] 38/58 VUs  0m39.0s/4m50.0s

running (0m40.0s), 38/58 VUs, 191 complete and 0 interrupted iterations
default   [  14% ] 38/58 VUs  0m40.0s/4m50.0s

running (0m41.0s), 39/58 VUs, 200 complete and 0 interrupted iterations
default   [  14% ] 39/58 VUs  0m41.0s/4m50.0s

running (0m42.0s), 40/58 VUs, 213 complete and 0 interrupted iterations
default   [  14% ] 40/58 VUs  0m42.0s/4m50.0s

running (0m43.0s), 41/58 VUs, 223 complete and 0 interrupted iterations
default   [  15% ] 41/58 VUs  0m43.0s/4m50.0s

running (0m44.0s), 42/58 VUs, 234 complete and 0 interrupted iterations
default   [  15% ] 42/58 VUs  0m44.0s/4m50.0s

running (0m45.0s), 43/58 VUs, 247 complete and 0 interrupted iterations
default   [  16% ] 43/58 VUs  0m45.0s/4m50.0s

running (0m46.0s), 44/58 VUs, 259 complete and 0 interrupted iterations
default   [  16% ] 44/58 VUs  0m46.0s/4m50.0s

running (0m47.0s), 45/58 VUs, 273 complete and 0 interrupted iterations
default   [  16% ] 45/58 VUs  0m47.0s/4m50.0s

running (0m48.0s), 46/58 VUs, 282 complete and 0 interrupted iterations
default   [  17% ] 46/58 VUs  0m48.0s/4m50.0s

running (0m49.0s), 47/58 VUs, 296 complete and 0 interrupted iterations
default   [  17% ] 47/58 VUs  0m49.0s/4m50.0s

running (0m50.0s), 48/58 VUs, 313 complete and 0 interrupted iterations
default   [  17% ] 48/58 VUs  0m50.0s/4m50.0s

running (0m51.0s), 49/58 VUs, 323 complete and 0 interrupted iterations
default   [  18% ] 49/58 VUs  0m51.0s/4m50.0s

running (0m52.0s), 50/58 VUs, 339 complete and 0 interrupted iterations
default   [  18% ] 50/58 VUs  0m52.0s/4m50.0s

running (0m53.0s), 51/58 VUs, 353 complete and 0 interrupted iterations
default   [  18% ] 51/58 VUs  0m53.0s/4m50.0s

running (0m54.0s), 52/58 VUs, 367 complete and 0 interrupted iterations
default   [  19% ] 52/58 VUs  0m54.0s/4m50.0s

running (0m55.0s), 53/58 VUs, 381 complete and 0 interrupted iterations
default   [  19% ] 53/58 VUs  0m55.0s/4m50.0s

running (0m56.0s), 54/58 VUs, 397 complete and 0 interrupted iterations
default   [  19% ] 54/58 VUs  0m56.0s/4m50.0s

running (0m57.0s), 55/58 VUs, 414 complete and 0 interrupted iterations
default   [  20% ] 55/58 VUs  0m57.0s/4m50.0s

running (0m58.0s), 56/58 VUs, 427 complete and 0 interrupted iterations
default   [  20% ] 56/58 VUs  0m58.0s/4m50.0s

running (0m59.0s), 57/58 VUs, 444 complete and 0 interrupted iterations
default   [  20% ] 57/58 VUs  0m59.0s/4m50.0s

running (1m00.0s), 57/58 VUs, 459 complete and 0 interrupted iterations
default   [  21% ] 57/58 VUs  1m00.0s/4m50.0s

running (1m01.0s), 57/58 VUs, 473 complete and 0 interrupted iterations
default   [  21% ] 57/58 VUs  1m01.0s/4m50.0s

running (1m02.0s), 56/58 VUs, 492 complete and 0 interrupted iterations
default   [  21% ] 56/58 VUs  1m02.0s/4m50.0s

running (1m03.0s), 52/58 VUs, 507 complete and 0 interrupted iterations
default   [  22% ] 52/58 VUs  1m03.0s/4m50.0s

running (1m04.0s), 47/58 VUs, 525 complete and 0 interrupted iterations
default   [  22% ] 47/58 VUs  1m04.0s/4m50.0s

running (1m05.0s), 41/58 VUs, 542 complete and 0 interrupted iterations
default   [  22% ] 41/58 VUs  1m05.0s/4m50.0s

running (1m06.0s), 34/58 VUs, 556 complete and 0 interrupted iterations
default   [  23% ] 34/58 VUs  1m06.0s/4m50.0s

running (1m07.0s), 28/58 VUs, 569 complete and 0 interrupted iterations
default   [  23% ] 28/58 VUs  1m07.0s/4m50.0s

running (1m08.0s), 23/58 VUs, 578 complete and 0 interrupted iterations
default   [  23% ] 23/58 VUs  1m08.0s/4m50.0s

running (1m09.0s), 17/58 VUs, 586 complete and 0 interrupted iterations
default   [  24% ] 17/58 VUs  1m09.0s/4m50.0s

running (1m10.0s), 09/58 VUs, 596 complete and 0 interrupted iterations
default   [  24% ] 09/58 VUs  1m10.0s/4m50.0s

running (1m11.0s), 08/58 VUs, 598 complete and 0 interrupted iterations
default   [  24% ] 08/58 VUs  1m11.0s/4m50.0s

running (1m12.0s), 11/58 VUs, 603 complete and 0 interrupted iterations
default   [  25% ] 11/58 VUs  1m12.0s/4m50.0s

running (1m13.0s), 17/58 VUs, 605 complete and 0 interrupted iterations
default   [  25% ] 17/58 VUs  1m13.0s/4m50.0s

running (1m14.0s), 23/58 VUs, 605 complete and 0 interrupted iterations
default   [  26% ] 23/58 VUs  1m14.0s/4m50.0s

running (1m15.0s), 28/58 VUs, 611 complete and 0 interrupted iterations
default   [  26% ] 28/58 VUs  1m15.0s/4m50.0s

running (1m16.0s), 34/58 VUs, 618 complete and 0 interrupted iterations
default   [  26% ] 34/58 VUs  1m16.0s/4m50.0s

running (1m17.0s), 40/58 VUs, 625 complete and 0 interrupted iterations
default   [  27% ] 40/58 VUs  1m17.0s/4m50.0s

running (1m18.0s), 46/58 VUs, 635 complete and 0 interrupted iterations
default   [  27% ] 46/58 VUs  1m18.0s/4m50.0s

running (1m19.0s), 52/58 VUs, 648 complete and 0 interrupted iterations
default   [  27% ] 52/58 VUs  1m19.0s/4m50.0s

running (1m20.0s), 57/58 VUs, 661 complete and 0 interrupted iterations
default   [  28% ] 57/58 VUs  1m20.0s/4m50.0s

running (1m21.0s), 58/58 VUs, 672 complete and 0 interrupted iterations
default   [  28% ] 58/58 VUs  1m21.0s/4m50.0s

running (1m22.0s), 57/58 VUs, 692 complete and 0 interrupted iterations
default   [  28% ] 57/58 VUs  1m22.0s/4m50.0s

running (1m23.0s), 51/58 VUs, 712 complete and 0 interrupted iterations
default   [  29% ] 51/58 VUs  1m23.0s/4m50.0s

running (1m24.0s), 44/58 VUs, 727 complete and 0 interrupted iterations
default   [  29% ] 44/58 VUs  1m24.0s/4m50.0s

running (1m25.0s), 39/58 VUs, 742 complete and 0 interrupted iterations
default   [  29% ] 39/58 VUs  1m25.0s/4m50.0s

running (1m26.0s), 32/58 VUs, 757 complete and 0 interrupted iterations
default   [  30% ] 32/58 VUs  1m26.0s/4m50.0s

running (1m27.0s), 26/58 VUs, 769 complete and 0 interrupted iterations
default   [  30% ] 26/58 VUs  1m27.0s/4m50.0s

running (1m28.0s), 20/58 VUs, 777 complete and 0 interrupted iterations
default   [  30% ] 20/58 VUs  1m28.0s/4m50.0s

running (1m29.0s), 16/58 VUs, 786 complete and 0 interrupted iterations
default   [  31% ] 16/58 VUs  1m29.0s/4m50.0s

running (1m30.0s), 07/58 VUs, 795 complete and 0 interrupted iterations
default   [  31% ] 07/58 VUs  1m30.0s/4m50.0s

running (1m31.0s), 07/58 VUs, 795 complete and 0 interrupted iterations
default   [  31% ] 07/58 VUs  1m31.0s/4m50.0s

running (1m32.0s), 05/58 VUs, 802 complete and 0 interrupted iterations
default   [  32% ] 05/58 VUs  1m32.0s/4m50.0s

running (1m33.0s), 08/58 VUs, 802 complete and 0 interrupted iterations
default   [  32% ] 08/58 VUs  1m33.0s/4m50.0s

running (1m34.0s), 11/58 VUs, 802 complete and 0 interrupted iterations
default   [  32% ] 11/58 VUs  1m34.0s/4m50.0s

running (1m35.0s), 14/58 VUs, 805 complete and 0 interrupted iterations
default   [  33% ] 14/58 VUs  1m35.0s/4m50.0s

running (1m36.0s), 17/58 VUs, 809 complete and 0 interrupted iterations
default   [  33% ] 17/58 VUs  1m36.0s/4m50.0s

running (1m37.0s), 20/58 VUs, 812 complete and 0 interrupted iterations
default   [  33% ] 20/58 VUs  1m37.0s/4m50.0s

running (1m38.0s), 23/58 VUs, 816 complete and 0 interrupted iterations
default   [  34% ] 23/58 VUs  1m38.0s/4m50.0s

running (1m39.0s), 26/58 VUs, 823 complete and 0 interrupted iterations
default   [  34% ] 26/58 VUs  1m39.0s/4m50.0s

running (1m40.0s), 28/58 VUs, 830 complete and 0 interrupted iterations
default   [  34% ] 28/58 VUs  1m40.0s/4m50.0s

running (1m41.0s), 31/58 VUs, 836 complete and 0 interrupted iterations
default   [  35% ] 31/58 VUs  1m41.0s/4m50.0s

running (1m42.0s), 34/58 VUs, 846 complete and 0 interrupted iterations
default   [  35% ] 34/58 VUs  1m42.0s/4m50.0s

running (1m43.0s), 37/58 VUs, 853 complete and 0 interrupted iterations
default   [  36% ] 37/58 VUs  1m43.0s/4m50.0s

running (1m44.0s), 40/58 VUs, 863 complete and 0 interrupted iterations
default   [  36% ] 40/58 VUs  1m44.0s/4m50.0s

running (1m45.0s), 43/58 VUs, 872 complete and 0 interrupted iterations
default   [  36% ] 43/58 VUs  1m45.0s/4m50.0s

running (1m46.0s), 46/58 VUs, 885 complete and 0 interrupted iterations
default   [  37% ] 46/58 VUs  1m46.0s/4m50.0s

running (1m47.0s), 49/58 VUs, 898 complete and 0 interrupted iterations
default   [  37% ] 49/58 VUs  1m47.0s/4m50.0s

running (1m48.0s), 52/58 VUs, 911 complete and 0 interrupted iterations
default   [  37% ] 52/58 VUs  1m48.0s/4m50.0s

running (1m49.0s), 55/58 VUs, 928 complete and 0 interrupted iterations
default   [  38% ] 55/58 VUs  1m49.0s/4m50.0s

running (1m50.0s), 57/58 VUs, 943 complete and 0 interrupted iterations
default   [  38% ] 57/58 VUs  1m50.0s/4m50.0s

running (1m51.0s), 58/58 VUs, 955 complete and 0 interrupted iterations
default   [  38% ] 58/58 VUs  1m51.0s/4m50.0s

running (1m52.0s), 58/58 VUs, 972 complete and 0 interrupted iterations
default   [  39% ] 58/58 VUs  1m52.0s/4m50.0s

running (1m53.0s), 58/58 VUs, 989 complete and 0 interrupted iterations
default   [  39% ] 58/58 VUs  1m53.0s/4m50.0s

running (1m54.0s), 58/58 VUs, 1010 complete and 0 interrupted iterations
default   [  39% ] 58/58 VUs  1m54.0s/4m50.0s

running (1m55.0s), 58/58 VUs, 1023 complete and 0 interrupted iterations
default   [  40% ] 58/58 VUs  1m55.0s/4m50.0s

running (1m56.0s), 58/58 VUs, 1042 complete and 0 interrupted iterations
default   [  40% ] 58/58 VUs  1m56.0s/4m50.0s

running (1m57.0s), 58/58 VUs, 1060 complete and 0 interrupted iterations
default   [  40% ] 58/58 VUs  1m57.0s/4m50.0s

running (1m58.0s), 58/58 VUs, 1073 complete and 0 interrupted iterations
default   [  41% ] 58/58 VUs  1m58.0s/4m50.0s

running (1m59.0s), 58/58 VUs, 1094 complete and 0 interrupted iterations
default   [  41% ] 58/58 VUs  1m59.0s/4m50.0s

running (2m00.0s), 58/58 VUs, 1114 complete and 0 interrupted iterations
default   [  41% ] 58/58 VUs  2m00.0s/4m50.0s

running (2m01.0s), 58/58 VUs, 1129 complete and 0 interrupted iterations
default   [  42% ] 58/58 VUs  2m01.0s/4m50.0s

running (2m02.0s), 58/58 VUs, 1145 complete and 0 interrupted iterations
default   [  42% ] 58/58 VUs  2m02.0s/4m50.0s

running (2m03.0s), 58/58 VUs, 1162 complete and 0 interrupted iterations
default   [  42% ] 58/58 VUs  2m03.0s/4m50.0s

running (2m04.0s), 58/58 VUs, 1180 complete and 0 interrupted iterations
default   [  43% ] 58/58 VUs  2m04.0s/4m50.0s

running (2m05.0s), 58/58 VUs, 1195 complete and 0 interrupted iterations
default   [  43% ] 58/58 VUs  2m05.0s/4m50.0s

running (2m06.0s), 58/58 VUs, 1213 complete and 0 interrupted iterations
default   [  43% ] 58/58 VUs  2m06.0s/4m50.0s

running (2m07.0s), 58/58 VUs, 1231 complete and 0 interrupted iterations
default   [  44% ] 58/58 VUs  2m07.0s/4m50.0s

running (2m08.0s), 58/58 VUs, 1247 complete and 0 interrupted iterations
default   [  44% ] 58/58 VUs  2m08.0s/4m50.0s

running (2m09.0s), 58/58 VUs, 1265 complete and 0 interrupted iterations
default   [  44% ] 58/58 VUs  2m09.0s/4m50.0s

running (2m10.0s), 58/58 VUs, 1278 complete and 0 interrupted iterations
default   [  45% ] 58/58 VUs  2m10.0s/4m50.0s

running (2m11.0s), 58/58 VUs, 1297 complete and 0 interrupted iterations
default   [  45% ] 58/58 VUs  2m11.0s/4m50.0s

running (2m12.0s), 58/58 VUs, 1313 complete and 0 interrupted iterations
default   [  46% ] 58/58 VUs  2m12.0s/4m50.0s

running (2m13.0s), 58/58 VUs, 1330 complete and 0 interrupted iterations
default   [  46% ] 58/58 VUs  2m13.0s/4m50.0s

running (2m14.0s), 58/58 VUs, 1349 complete and 0 interrupted iterations
default   [  46% ] 58/58 VUs  2m14.0s/4m50.0s

running (2m15.0s), 58/58 VUs, 1365 complete and 0 interrupted iterations
default   [  47% ] 58/58 VUs  2m15.0s/4m50.0s

running (2m16.0s), 58/58 VUs, 1382 complete and 0 interrupted iterations
default   [  47% ] 58/58 VUs  2m16.0s/4m50.0s

running (2m17.0s), 58/58 VUs, 1398 complete and 0 interrupted iterations
default   [  47% ] 58/58 VUs  2m17.0s/4m50.0s

running (2m18.0s), 58/58 VUs, 1416 complete and 0 interrupted iterations
default   [  48% ] 58/58 VUs  2m18.0s/4m50.0s

running (2m19.0s), 58/58 VUs, 1432 complete and 0 interrupted iterations
default   [  48% ] 58/58 VUs  2m19.0s/4m50.0s

running (2m20.0s), 58/58 VUs, 1449 complete and 0 interrupted iterations
default   [  48% ] 58/58 VUs  2m20.0s/4m50.0s

running (2m21.0s), 58/58 VUs, 1469 complete and 0 interrupted iterations
default   [  49% ] 58/58 VUs  2m21.0s/4m50.0s

running (2m22.0s), 58/58 VUs, 1485 complete and 0 interrupted iterations
default   [  49% ] 58/58 VUs  2m22.0s/4m50.0s

running (2m23.0s), 58/58 VUs, 1502 complete and 0 interrupted iterations
default   [  49% ] 58/58 VUs  2m23.0s/4m50.0s

running (2m24.0s), 58/58 VUs, 1519 complete and 0 interrupted iterations
default   [  50% ] 58/58 VUs  2m24.0s/4m50.0s

running (2m25.0s), 58/58 VUs, 1536 complete and 0 interrupted iterations
default   [  50% ] 58/58 VUs  2m25.0s/4m50.0s

running (2m26.0s), 58/58 VUs, 1552 complete and 0 interrupted iterations
default   [  50% ] 58/58 VUs  2m26.0s/4m50.0s

running (2m27.0s), 58/58 VUs, 1565 complete and 0 interrupted iterations
default   [  51% ] 58/58 VUs  2m27.0s/4m50.0s

running (2m28.0s), 58/58 VUs, 1586 complete and 0 interrupted iterations
default   [  51% ] 58/58 VUs  2m28.0s/4m50.0s

running (2m29.0s), 58/58 VUs, 1602 complete and 0 interrupted iterations
default   [  51% ] 58/58 VUs  2m29.0s/4m50.0s

running (2m30.0s), 58/58 VUs, 1622 complete and 0 interrupted iterations
default   [  52% ] 58/58 VUs  2m30.0s/4m50.0s

running (2m31.0s), 58/58 VUs, 1637 complete and 0 interrupted iterations
default   [  52% ] 58/58 VUs  2m31.0s/4m50.0s

running (2m32.0s), 58/58 VUs, 1655 complete and 0 interrupted iterations
default   [  52% ] 58/58 VUs  2m32.0s/4m50.0s

running (2m33.0s), 58/58 VUs, 1670 complete and 0 interrupted iterations
default   [  53% ] 58/58 VUs  2m33.0s/4m50.0s

running (2m34.0s), 58/58 VUs, 1683 complete and 0 interrupted iterations
default   [  53% ] 58/58 VUs  2m34.0s/4m50.0s

running (2m35.0s), 58/58 VUs, 1702 complete and 0 interrupted iterations
default   [  53% ] 58/58 VUs  2m35.0s/4m50.0s

running (2m36.0s), 58/58 VUs, 1716 complete and 0 interrupted iterations
default   [  54% ] 58/58 VUs  2m36.0s/4m50.0s

running (2m37.0s), 58/58 VUs, 1732 complete and 0 interrupted iterations
default   [  54% ] 58/58 VUs  2m37.0s/4m50.0s

running (2m38.0s), 58/58 VUs, 1749 complete and 0 interrupted iterations
default   [  54% ] 58/58 VUs  2m38.0s/4m50.0s

running (2m39.0s), 58/58 VUs, 1764 complete and 0 interrupted iterations
default   [  55% ] 58/58 VUs  2m39.0s/4m50.0s

running (2m40.0s), 58/58 VUs, 1787 complete and 0 interrupted iterations
default   [  55% ] 58/58 VUs  2m40.0s/4m50.0s

running (2m41.0s), 58/58 VUs, 1800 complete and 0 interrupted iterations
default   [  56% ] 58/58 VUs  2m41.0s/4m50.0s

running (2m42.0s), 58/58 VUs, 1818 complete and 0 interrupted iterations
default   [  56% ] 58/58 VUs  2m42.0s/4m50.0s

running (2m43.0s), 58/58 VUs, 1836 complete and 0 interrupted iterations
default   [  56% ] 58/58 VUs  2m43.0s/4m50.0s

running (2m44.0s), 58/58 VUs, 1852 complete and 0 interrupted iterations
default   [  57% ] 58/58 VUs  2m44.0s/4m50.0s

running (2m45.0s), 58/58 VUs, 1871 complete and 0 interrupted iterations
default   [  57% ] 58/58 VUs  2m45.0s/4m50.0s

running (2m46.0s), 58/58 VUs, 1890 complete and 0 interrupted iterations
default   [  57% ] 58/58 VUs  2m46.0s/4m50.0s

running (2m47.0s), 58/58 VUs, 1906 complete and 0 interrupted iterations
default   [  58% ] 58/58 VUs  2m47.0s/4m50.0s

running (2m48.0s), 58/58 VUs, 1923 complete and 0 interrupted iterations
default   [  58% ] 58/58 VUs  2m48.0s/4m50.0s

running (2m49.0s), 58/58 VUs, 1939 complete and 0 interrupted iterations
default   [  58% ] 58/58 VUs  2m49.0s/4m50.0s

running (2m50.0s), 58/58 VUs, 1959 complete and 0 interrupted iterations
default   [  59% ] 58/58 VUs  2m50.0s/4m50.0s

running (2m51.0s), 58/58 VUs, 1978 complete and 0 interrupted iterations
default   [  59% ] 58/58 VUs  2m51.0s/4m50.0s

running (2m52.0s), 58/58 VUs, 1994 complete and 0 interrupted iterations
default   [  59% ] 58/58 VUs  2m52.0s/4m50.0s

running (2m53.0s), 58/58 VUs, 2011 complete and 0 interrupted iterations
default   [  60% ] 58/58 VUs  2m53.0s/4m50.0s

running (2m54.0s), 58/58 VUs, 2028 complete and 0 interrupted iterations
default   [  60% ] 58/58 VUs  2m54.0s/4m50.0s

running (2m55.0s), 58/58 VUs, 2047 complete and 0 interrupted iterations
default   [  60% ] 58/58 VUs  2m55.0s/4m50.0s

running (2m56.0s), 58/58 VUs, 2067 complete and 0 interrupted iterations
default   [  61% ] 58/58 VUs  2m56.0s/4m50.0s

running (2m57.0s), 58/58 VUs, 2084 complete and 0 interrupted iterations
default   [  61% ] 58/58 VUs  2m57.0s/4m50.0s

running (2m58.0s), 58/58 VUs, 2103 complete and 0 interrupted iterations
default   [  61% ] 58/58 VUs  2m58.0s/4m50.0s

running (2m59.0s), 58/58 VUs, 2119 complete and 0 interrupted iterations
default   [  62% ] 58/58 VUs  2m59.0s/4m50.0s

running (3m00.0s), 58/58 VUs, 2137 complete and 0 interrupted iterations
default   [  62% ] 58/58 VUs  3m00.0s/4m50.0s

running (3m01.0s), 58/58 VUs, 2154 complete and 0 interrupted iterations
default   [  62% ] 58/58 VUs  3m01.0s/4m50.0s

running (3m02.0s), 58/58 VUs, 2171 complete and 0 interrupted iterations
default   [  63% ] 58/58 VUs  3m02.0s/4m50.0s

running (3m03.0s), 58/58 VUs, 2190 complete and 0 interrupted iterations
default   [  63% ] 58/58 VUs  3m03.0s/4m50.0s

running (3m04.0s), 58/58 VUs, 2208 complete and 0 interrupted iterations
default   [  63% ] 58/58 VUs  3m04.0s/4m50.0s

running (3m05.0s), 58/58 VUs, 2222 complete and 0 interrupted iterations
default   [  64% ] 58/58 VUs  3m05.0s/4m50.0s

running (3m06.0s), 58/58 VUs, 2238 complete and 0 interrupted iterations
default   [  64% ] 58/58 VUs  3m06.0s/4m50.0s

running (3m07.0s), 58/58 VUs, 2249 complete and 0 interrupted iterations
default   [  64% ] 58/58 VUs  3m07.0s/4m50.0s

running (3m08.0s), 58/58 VUs, 2265 complete and 0 interrupted iterations
default   [  65% ] 58/58 VUs  3m08.0s/4m50.0s

running (3m09.0s), 58/58 VUs, 2282 complete and 0 interrupted iterations
default   [  65% ] 58/58 VUs  3m09.0s/4m50.0s

running (3m10.0s), 58/58 VUs, 2302 complete and 0 interrupted iterations
default   [  66% ] 58/58 VUs  3m10.0s/4m50.0s

running (3m11.0s), 58/58 VUs, 2315 complete and 0 interrupted iterations
default   [  66% ] 58/58 VUs  3m11.0s/4m50.0s

running (3m12.0s), 58/58 VUs, 2332 complete and 0 interrupted iterations
default   [  66% ] 58/58 VUs  3m12.0s/4m50.0s

running (3m13.0s), 58/58 VUs, 2344 complete and 0 interrupted iterations
default   [  67% ] 58/58 VUs  3m13.0s/4m50.0s

running (3m14.0s), 58/58 VUs, 2355 complete and 0 interrupted iterations
default   [  67% ] 58/58 VUs  3m14.0s/4m50.0s

running (3m15.0s), 58/58 VUs, 2375 complete and 0 interrupted iterations
default   [  67% ] 58/58 VUs  3m15.0s/4m50.0s

running (3m16.0s), 58/58 VUs, 2391 complete and 0 interrupted iterations
default   [  68% ] 58/58 VUs  3m16.0s/4m50.0s

running (3m17.0s), 58/58 VUs, 2407 complete and 0 interrupted iterations
default   [  68% ] 58/58 VUs  3m17.0s/4m50.0s

running (3m18.0s), 58/58 VUs, 2422 complete and 0 interrupted iterations
default   [  68% ] 58/58 VUs  3m18.0s/4m50.0s

running (3m19.0s), 58/58 VUs, 2443 complete and 0 interrupted iterations
default   [  69% ] 58/58 VUs  3m19.0s/4m50.0s

running (3m20.0s), 58/58 VUs, 2458 complete and 0 interrupted iterations
default   [  69% ] 58/58 VUs  3m20.0s/4m50.0s

running (3m21.0s), 58/58 VUs, 2473 complete and 0 interrupted iterations
default   [  69% ] 58/58 VUs  3m21.0s/4m50.0s

running (3m22.0s), 58/58 VUs, 2493 complete and 0 interrupted iterations
default   [  70% ] 58/58 VUs  3m22.0s/4m50.0s

running (3m23.0s), 58/58 VUs, 2510 complete and 0 interrupted iterations
default   [  70% ] 58/58 VUs  3m23.0s/4m50.0s

running (3m24.0s), 58/58 VUs, 2524 complete and 0 interrupted iterations
default   [  70% ] 58/58 VUs  3m24.0s/4m50.0s

running (3m25.0s), 58/58 VUs, 2541 complete and 0 interrupted iterations
default   [  71% ] 58/58 VUs  3m25.0s/4m50.0s

running (3m26.0s), 58/58 VUs, 2561 complete and 0 interrupted iterations
default   [  71% ] 58/58 VUs  3m26.0s/4m50.0s

running (3m27.0s), 58/58 VUs, 2576 complete and 0 interrupted iterations
default   [  71% ] 58/58 VUs  3m27.0s/4m50.0s

running (3m28.0s), 58/58 VUs, 2591 complete and 0 interrupted iterations
default   [  72% ] 58/58 VUs  3m28.0s/4m50.0s

running (3m29.0s), 58/58 VUs, 2615 complete and 0 interrupted iterations
default   [  72% ] 58/58 VUs  3m29.0s/4m50.0s

running (3m30.0s), 58/58 VUs, 2627 complete and 0 interrupted iterations
default   [  72% ] 58/58 VUs  3m30.0s/4m50.0s

running (3m31.0s), 58/58 VUs, 2644 complete and 0 interrupted iterations
default   [  73% ] 58/58 VUs  3m31.0s/4m50.0s

running (3m32.0s), 58/58 VUs, 2660 complete and 0 interrupted iterations
default   [  73% ] 58/58 VUs  3m32.0s/4m50.0s

running (3m33.0s), 58/58 VUs, 2680 complete and 0 interrupted iterations
default   [  73% ] 58/58 VUs  3m33.0s/4m50.0s

running (3m34.0s), 58/58 VUs, 2693 complete and 0 interrupted iterations
default   [  74% ] 58/58 VUs  3m34.0s/4m50.0s

running (3m35.0s), 58/58 VUs, 2709 complete and 0 interrupted iterations
default   [  74% ] 58/58 VUs  3m35.0s/4m50.0s

running (3m36.0s), 58/58 VUs, 2729 complete and 0 interrupted iterations
default   [  74% ] 58/58 VUs  3m36.0s/4m50.0s

running (3m37.0s), 58/58 VUs, 2744 complete and 0 interrupted iterations
default   [  75% ] 58/58 VUs  3m37.0s/4m50.0s

running (3m38.0s), 58/58 VUs, 2759 complete and 0 interrupted iterations
default   [  75% ] 58/58 VUs  3m38.0s/4m50.0s

running (3m39.0s), 58/58 VUs, 2777 complete and 0 interrupted iterations
default   [  76% ] 58/58 VUs  3m39.0s/4m50.0s

running (3m40.0s), 58/58 VUs, 2796 complete and 0 interrupted iterations
default   [  76% ] 58/58 VUs  3m40.0s/4m50.0s

running (3m41.0s), 58/58 VUs, 2812 complete and 0 interrupted iterations
default   [  76% ] 58/58 VUs  3m41.0s/4m50.0s

running (3m42.0s), 58/58 VUs, 2828 complete and 0 interrupted iterations
default   [  77% ] 58/58 VUs  3m42.0s/4m50.0s

running (3m43.0s), 58/58 VUs, 2849 complete and 0 interrupted iterations
default   [  77% ] 58/58 VUs  3m43.0s/4m50.0s

running (3m44.0s), 58/58 VUs, 2866 complete and 0 interrupted iterations
default   [  77% ] 58/58 VUs  3m44.0s/4m50.0s

running (3m45.0s), 58/58 VUs, 2879 complete and 0 interrupted iterations
default   [  78% ] 58/58 VUs  3m45.0s/4m50.0s

running (3m46.0s), 58/58 VUs, 2900 complete and 0 interrupted iterations
default   [  78% ] 58/58 VUs  3m46.0s/4m50.0s

running (3m47.0s), 58/58 VUs, 2917 complete and 0 interrupted iterations
default   [  78% ] 58/58 VUs  3m47.0s/4m50.0s

running (3m48.0s), 58/58 VUs, 2933 complete and 0 interrupted iterations
default   [  79% ] 58/58 VUs  3m48.0s/4m50.0s

running (3m49.0s), 58/58 VUs, 2947 complete and 0 interrupted iterations
default   [  79% ] 58/58 VUs  3m49.0s/4m50.0s

running (3m50.0s), 58/58 VUs, 2970 complete and 0 interrupted iterations
default   [  79% ] 58/58 VUs  3m50.0s/4m50.0s

running (3m51.0s), 58/58 VUs, 2987 complete and 0 interrupted iterations
default   [  80% ] 58/58 VUs  3m51.0s/4m50.0s

running (3m52.0s), 58/58 VUs, 3004 complete and 0 interrupted iterations
default   [  80% ] 58/58 VUs  3m52.0s/4m50.0s

running (3m53.0s), 57/58 VUs, 3025 complete and 0 interrupted iterations
default   [  80% ] 57/58 VUs  3m53.0s/4m50.0s

running (3m54.0s), 55/58 VUs, 3041 complete and 0 interrupted iterations
default   [  81% ] 55/58 VUs  3m54.0s/4m50.0s

running (3m55.0s), 55/58 VUs, 3056 complete and 0 interrupted iterations
default   [  81% ] 55/58 VUs  3m55.0s/4m50.0s

running (3m56.0s), 55/58 VUs, 3077 complete and 0 interrupted iterations
default   [  81% ] 55/58 VUs  3m56.0s/4m50.0s

running (3m57.0s), 55/58 VUs, 3091 complete and 0 interrupted iterations
default   [  82% ] 55/58 VUs  3m57.0s/4m50.0s

running (3m58.0s), 53/58 VUs, 3105 complete and 0 interrupted iterations
default   [  82% ] 53/58 VUs  3m58.0s/4m50.0s

running (3m59.0s), 50/58 VUs, 3124 complete and 0 interrupted iterations
default   [  82% ] 50/58 VUs  3m59.0s/4m50.0s

running (4m00.0s), 50/58 VUs, 3143 complete and 0 interrupted iterations
default   [  83% ] 50/58 VUs  4m00.0s/4m50.0s

running (4m01.0s), 50/58 VUs, 3157 complete and 0 interrupted iterations
default   [  83% ] 50/58 VUs  4m01.0s/4m50.0s

running (4m02.0s), 48/58 VUs, 3169 complete and 0 interrupted iterations
default   [  83% ] 48/58 VUs  4m02.0s/4m50.0s

running (4m03.0s), 47/58 VUs, 3189 complete and 0 interrupted iterations
default   [  84% ] 47/58 VUs  4m03.0s/4m50.0s

running (4m04.0s), 47/58 VUs, 3203 complete and 0 interrupted iterations
default   [  84% ] 47/58 VUs  4m04.0s/4m50.0s

running (4m05.0s), 46/58 VUs, 3213 complete and 0 interrupted iterations
default   [  84% ] 46/58 VUs  4m05.0s/4m50.0s

running (4m06.0s), 46/58 VUs, 3229 complete and 0 interrupted iterations
default   [  85% ] 46/58 VUs  4m06.0s/4m50.0s

running (4m07.0s), 43/58 VUs, 3244 complete and 0 interrupted iterations
default   [  85% ] 43/58 VUs  4m07.0s/4m50.0s

running (4m08.0s), 43/58 VUs, 3255 complete and 0 interrupted iterations
default   [  86% ] 43/58 VUs  4m08.0s/4m50.0s

running (4m09.0s), 43/58 VUs, 3267 complete and 0 interrupted iterations
default   [  86% ] 43/58 VUs  4m09.0s/4m50.0s

running (4m10.0s), 40/58 VUs, 3283 complete and 0 interrupted iterations
default   [  86% ] 40/58 VUs  4m10.0s/4m50.0s

running (4m11.0s), 39/58 VUs, 3293 complete and 0 interrupted iterations
default   [  87% ] 39/58 VUs  4m11.0s/4m50.0s

running (4m12.0s), 38/58 VUs, 3302 complete and 0 interrupted iterations
default   [  87% ] 38/58 VUs  4m12.0s/4m50.0s

running (4m13.0s), 38/58 VUs, 3319 complete and 0 interrupted iterations
default   [  87% ] 38/58 VUs  4m13.0s/4m50.0s

running (4m14.0s), 37/58 VUs, 3328 complete and 0 interrupted iterations
default   [  88% ] 37/58 VUs  4m14.0s/4m50.0s

running (4m15.0s), 35/58 VUs, 3338 complete and 0 interrupted iterations
default   [  88% ] 35/58 VUs  4m15.0s/4m50.0s

running (4m16.0s), 35/58 VUs, 3351 complete and 0 interrupted iterations
default   [  88% ] 35/58 VUs  4m16.0s/4m50.0s

running (4m17.0s), 35/58 VUs, 3360 complete and 0 interrupted iterations
default   [  89% ] 35/58 VUs  4m17.0s/4m50.0s

running (4m18.0s), 33/58 VUs, 3368 complete and 0 interrupted iterations
default   [  89% ] 33/58 VUs  4m18.0s/4m50.0s

running (4m19.0s), 32/58 VUs, 3377 complete and 0 interrupted iterations
default   [  89% ] 32/58 VUs  4m19.0s/4m50.0s

running (4m20.0s), 31/58 VUs, 3394 complete and 0 interrupted iterations
default   [  90% ] 31/58 VUs  4m20.0s/4m50.0s

running (4m21.0s), 31/58 VUs, 3401 complete and 0 interrupted iterations
default   [  90% ] 31/58 VUs  4m21.0s/4m50.0s

running (4m22.0s), 31/58 VUs, 3408 complete and 0 interrupted iterations
default   [  90% ] 31/58 VUs  4m22.0s/4m50.0s

running (4m23.0s), 28/58 VUs, 3418 complete and 0 interrupted iterations
default   [  91% ] 28/58 VUs  4m23.0s/4m50.0s

running (4m24.0s), 28/58 VUs, 3427 complete and 0 interrupted iterations
default   [  91% ] 28/58 VUs  4m24.0s/4m50.0s

running (4m25.0s), 26/58 VUs, 3433 complete and 0 interrupted iterations
default   [  91% ] 26/58 VUs  4m25.0s/4m50.0s

running (4m26.0s), 25/58 VUs, 3444 complete and 0 interrupted iterations
default   [  92% ] 25/58 VUs  4m26.0s/4m50.0s

running (4m27.0s), 24/58 VUs, 3453 complete and 0 interrupted iterations
default   [  92% ] 24/58 VUs  4m27.0s/4m50.0s

running (4m28.0s), 24/58 VUs, 3458 complete and 0 interrupted iterations
default   [  92% ] 24/58 VUs  4m28.0s/4m50.0s

running (4m29.0s), 23/58 VUs, 3465 complete and 0 interrupted iterations
default   [  93% ] 23/58 VUs  4m29.0s/4m50.0s

running (4m30.0s), 20/58 VUs, 3474 complete and 0 interrupted iterations
default   [  93% ] 20/58 VUs  4m30.0s/4m50.0s

running (4m31.0s), 20/58 VUs, 3479 complete and 0 interrupted iterations
default   [  93% ] 20/58 VUs  4m31.0s/4m50.0s

running (4m32.0s), 18/58 VUs, 3487 complete and 0 interrupted iterations
default   [  94% ] 18/58 VUs  4m32.0s/4m50.0s

running (4m33.0s), 17/58 VUs, 3491 complete and 0 interrupted iterations
default   [  94% ] 17/58 VUs  4m33.0s/4m50.0s

running (4m34.0s), 17/58 VUs, 3497 complete and 0 interrupted iterations
default   [  94% ] 17/58 VUs  4m34.0s/4m50.0s

running (4m35.0s), 16/58 VUs, 3502 complete and 0 interrupted iterations
default   [  95% ] 16/58 VUs  4m35.0s/4m50.0s

running (4m36.0s), 16/58 VUs, 3506 complete and 0 interrupted iterations
default   [  95% ] 16/58 VUs  4m36.0s/4m50.0s

running (4m37.0s), 15/58 VUs, 3511 complete and 0 interrupted iterations
default   [  96% ] 15/58 VUs  4m37.0s/4m50.0s

running (4m38.0s), 14/58 VUs, 3515 complete and 0 interrupted iterations
default   [  96% ] 14/58 VUs  4m38.0s/4m50.0s

running (4m39.0s), 12/58 VUs, 3522 complete and 0 interrupted iterations
default   [  96% ] 12/58 VUs  4m39.0s/4m50.0s

running (4m40.0s), 11/58 VUs, 3523 complete and 0 interrupted iterations
default   [  97% ] 11/58 VUs  4m40.0s/4m50.0s

running (4m41.0s), 10/58 VUs, 3529 complete and 0 interrupted iterations
default   [  97% ] 10/58 VUs  4m41.0s/4m50.0s

running (4m42.0s), 10/58 VUs, 3532 complete and 0 interrupted iterations
default   [  97% ] 10/58 VUs  4m42.0s/4m50.0s

running (4m43.0s), 09/58 VUs, 3534 complete and 0 interrupted iterations
default   [  98% ] 09/58 VUs  4m43.0s/4m50.0s

running (4m44.0s), 07/58 VUs, 3539 complete and 0 interrupted iterations
default   [  98% ] 07/58 VUs  4m44.0s/4m50.0s

running (4m45.0s), 07/58 VUs, 3540 complete and 0 interrupted iterations
default   [  98% ] 07/58 VUs  4m45.0s/4m50.0s

running (4m46.0s), 06/58 VUs, 3543 complete and 0 interrupted iterations
default   [  99% ] 06/58 VUs  4m46.0s/4m50.0s

running (4m47.0s), 05/58 VUs, 3544 complete and 0 interrupted iterations
default   [  99% ] 05/58 VUs  4m47.0s/4m50.0s

running (4m48.0s), 04/58 VUs, 3546 complete and 0 interrupted iterations
default   [  99% ] 04/58 VUs  4m48.0s/4m50.0s

running (4m49.0s), 03/58 VUs, 3548 complete and 0 interrupted iterations
default   [ 100% ] 03/58 VUs  4m49.0s/4m50.0s

running (4m50.0s), 02/58 VUs, 3549 complete and 0 interrupted iterations
default   [ 100% ] 02/58 VUs  4m50.0s/4m50.0s

running (4m51.0s), 01/58 VUs, 3550 complete and 0 interrupted iterations
default ↓ [ 100% ] 02/58 VUs  4m50s

running (4m52.0s), 01/58 VUs, 3550 complete and 0 interrupted iterations
default ↓ [ 100% ] 02/58 VUs  4m50s


  █ TOTAL RESULTS 

    checks_total.......: 24973  85.498035/s
    checks_succeeded...: 74.59% 18628 out of 24973
    checks_failed......: 25.40% 6345 out of 24973

    ✓ login 200
    ✓ jwt presente
    ✗ expedientes por usuario 200
      ↳  80% — ✓ 2865 / ✗ 686
    ✗ hay data en expedientes por usuario
      ↳  80% — ✓ 2865 / ✗ 686
    ✗ expedientes por juzgado 200
      ↳  80% — ✓ 2861 / ✗ 690
    ✗ hay data en expedientes por juzgado
      ↳  80% — ✓ 2861 / ✗ 690
    ✗ pendientes de firma 200
      ↳  80% — ✓ 2851 / ✗ 700
    ✗ hay data en pendientes de firma
      ↳  80% — ✓ 2851 / ✗ 700
    ✗ hay documentos pendientes de firma
      ↳  38% — ✓ 1358 / ✗ 2193

    HTTP
    http_req_duration..............: avg=141.6ms  min=69.6ms  med=117.93ms max=3.31s p(90)=195.06ms p(95)=258.25ms
      { expected_response:true }...: avg=154.11ms min=90.28ms med=124.16ms max=3.31s p(90)=211.37ms p(95)=275.8ms 
    http_req_failed................: 19.38% 2076 out of 10711
    http_reqs......................: 10711  36.670382/s

    EXECUTION
    iteration_duration.............: avg=3.43s    min=3.22s   med=3.37s    max=6.54s p(90)=3.57s    p(95)=3.73s   
    iterations.....................: 3551   12.157271/s
    vus............................: 1      min=1             max=58
    vus_max........................: 58     min=58            max=58

    NETWORK
    data_received..................: 11 MB  36 kB/s
    data_sent......................: 26 MB  88 kB/s




running (4m52.1s), 00/58 VUs, 3551 complete and 0 interrupted iterations
default ✓ [ 100% ] 00/58 VUs  4m50s
